[api:cloud-db:getCloudModels] Supabase unavailable: timeout after 8000ms {"reason":"timeout after 8000ms"}
SupabaseUnavailableError: Supabase unavailable: timeout after 8000ms
    at request (D:\open code\gen\.next\dev\server\chunks\[root-of-the-server]__1o1j2eo._.js:30503:15)
    at async sbSelect (D:\open code\gen\.next\dev\server\chunks\[root-of-the-server]__1o1j2eo._.js:30523:17)
    at async getCloudModels (D:\open code\gen\.next\dev\server\chunks\[root-of-the-server]__1o1j2eo._.js:29835:22)
    at async Promise.all (index 1)
    at async getAllModels (D:\open code\gen\.next\dev\server\chunks\[root-of-the-server]__1o1j2eo._.js:30003:29)
    at async findVariantById (D:\open code\gen\.next\dev\server\chunks\[root-of-the-server]__1o1j2eo._.js:30028:17)
    at async POST (D:\open code\gen\.next\dev\server\chunks\[root-of-the-server]__17aq_39._.js:322:29)
    at async AppRouteRouteModule.do (D:\open code\gen\node_modules\next\dist\compiled\next-server\app-route-turbo.runtime.dev.js:5:42793)
    at async AppRouteRouteModule.handle (D:\open code\gen\node_modules\next\dist\compiled\next-server\app-route-turbo.runtime.dev.js:5:50547)
    at async responseGenerator (D:\open code\gen\.next\dev\server\chunks\node_modules_next_0bms45_._.js:4709:30)
    at async AppRouteRouteModule.handleResponse (D:\open code\gen\node_modules\next\dist\compiled\next-server\app-route-turbo.runtime.dev.js:1:250160)
    at async handleResponse (D:\open code\gen\.next\dev\server\chunks\node_modules_next_0bms45_._.js:4781:32)
    at async Module.handler (D:\open code\gen\.next\dev\server\chunks\node_modules_next_0bms45_._.js:4901:9)
    at async DevServer.renderToResponseWithComponentsImpl (D:\open code\gen\node_modules\next\dist\server\base-server.js:1537:9)
    at async DevServer.renderPageComponent (D:\open code\gen\node_modules\next\dist\server\base-server.js:1589:24)
    at async DevServer.renderToResponseImpl (D:\open code\gen\node_modules\next\dist\server\base-server.js:1639:32)
    at async DevServer.pipeImpl (D:\open code\gen\node_modules\next\dist\server\base-server.js:1088:25)
    at async NextNodeServer.handleCatchallRenderRequest (D:\open code\gen\node_modules\next\dist\server\next-server.js:338:17)
    at async DevServer.handleRequestImpl (D:\open code\gen\node_modules\next\dist\server\base-server.js:979:17)
    at async D:\open code\gen\node_modules\next\dist\server\dev\next-dev-server.js:426:20
    at async Span.traceAsyncFn (D:\open code\gen\node_modules\next\dist\trace\trace.js:164:20)
    at async DevServer.handleRequest (D:\open code\gen\node_modules\next\dist\server\dev\next-dev-server.js:422:24)
    at async invokeRender (D:\open code\gen\node_modules\next\dist\server\lib\router-server.js:306:21)
    at async handleRequest (D:\open code\gen\node_modules\next\dist\server\lib\router-server.js:508:24)
    at async requestHandlerImpl (D:\open code\gen\node_modules\next\dist\server\lib\router-server.js:565:13)
    at async Server.requestListener (D:\open code\gen\node_modules\next\dist\server\lib\start-server.js:225:13)
[api:POST /api/chat:retry 1] fetch failed
TypeError: fetch failed
